Circuit: * D:\Sarbach_Product dev\Nano-CAN-Sense-HAT\CANbus-Sense-HAT-nano\Simulation\Draft1.asc

Instance "m:u1:1": Length shorter than recommended for a level 2 MOSFET.
Instance "m:u1:2": Length shorter than recommended for a level 2 MOSFET.
Instance "m:u1:3": Length shorter than recommended for a level 2 MOSFET.
Instance "m:u1:4": Length shorter than recommended for a level 2 MOSFET.
Instance "m:u1:5": Length shorter than recommended for a level 2 MOSFET.
Instance "m:u1:6": Length shorter than recommended for a level 2 MOSFET.
Direct Newton iteration failed to find .op point.  (Use ".option noopiter" to skip.)
Starting Gmin stepping
Gmin = 10
Gmin = 1.07374
Gmin = 0.115292
Gmin = 0.0123794
Gmin = 0.00132923
Gmin = 0.000142725
Gmin = 1.5325e-05
Gmin = 1.6455e-06
Gmin = 1.76685e-07
Gmin = 1.89714e-08
Gmin = 2.03704e-09
Gmin = 2.18725e-10
Gmin = 2.34854e-11
Gmin = 2.52173e-12
Gmin = 2.70769e-13
Gmin = 0
Gmin stepping succeeded in finding the operating point.


Date: Tue May 12 21:28:42 2026
Total elapsed time: 0.129 seconds.

tnom = 27
temp = 27
method = trap
totiter = 7178
traniter = 0
tranpoints = 0
accept = 0
rejected = 0
matrix size = 40
fillins = 13
solver = Normal
Avg thread counts: 1.4/0.0/1.8/1.4
Matrix Compiler1: off  [0.7]/1.4/0.9
Matrix Compiler2: 3.71 KB object code size  1.4/1.1/[0.4]

